INFEASIBLE

-168

45

-159

-168

-407

0

-72

71

69

INFEASIBLE

0

5

9
